eeschema (2013-07-07 BZR 4022)-stable  >> Creation date: 5/23/2014 1:29:46 PM
#Cmp ( order = Reference )
| ARD1       ARDUINOPINS 
| C1         100P        
| C2         10U         
| C3         10U         
| C4         10U         
| C5         1U          
| C6         1U          
| C7         1U          
| C8         1U          
| C9         1U          
| C10        1U          
| C11        1U          
| C12        1U          
| C13        1U          
| C14        10U         
| C15        10U         
| C16        10U         
| C17        10U         
| C18        .01U        
| C19        .01U        
| C20        .01U        
| C21        .01U        
| C22        10U         
| C23        10U         
| C24        10U         
| C25        10U         
| C26        10U         
| C27        10U         
| C28        10U         
| C29        10U         
| C30        NOPOP       
| C31        NOPOP       
| C32        NOPOP       
| C33        1U          
| D1         LG Q971-KN-1
| D2         B130-13-F   
| D3         MMBD914-7-F 
| D4         B130-13-F   
| D5         B0540WS-7   
| D6         MMBD914-7-F 
| D7         MMBD914-7-F 
| D8         MMBD914-7-F 
| D9         MMBD914-7-F 
| D10        MMBD914-7-F 
| D11        MMBD914-7-F 
| D12        MMBD914-7-F 
| JP1        JUMPER      
| JP2        JUMPER      
| JP3        JUMPER      
| JP4        JUMPER      
| K1         1461069-5   
| K2         CONN_3      
| K3         CONN_3      
| L1         CM322522-220KL
| L2         CM322522-220KL
| L3         CM322522-220KL
| L4         22u         
| L5         1U          
| P1         24 Pin MiniFit JR
| P2         CONN_3X2    
| P3         CONN_2      
| P4         12 Pin Terminal Block
| P5         3 Pin TB    
| P6         CONN_1      
| P7         CONN_1      
| Q1         2N3904      
| Q2         DMN65D8L-7  
| Q3         AOD476      
| Q4         AOD476      
| R1         200         
| R2         200         
| R3         0           
| R4         100         
| R5         0           
| R6         0           
| R7         5K          
| R8         5K          
| R9         200K        
| R10        200K        
| R11        5K          
| R12        1000        
| R13        5K          
| R14        0           
| R15        0           
| R16        1           
| R17        15          
| R18        715         
| R19        5K          
| R20        5K          
| R21        715         
| R22        1K          
| R23        3K          
| R24        3K          
| R25        1K          
| R26        NOPOP       
| R27        0           
| R28        0           
| R29        0           
| R30        0           
| R31        0           
| R32        0           
| R33        0           
| R34        0           
| R35        0           
| R36        0           
| R37        0           
| R38        0           
| R39        0           
| R40        0           
| R41        0           
| R42        0           
| R43        0           
| R44        10          
| R45        100         
| R46        0           
| R47        0           
| R48        0           
| R49        0           
| R50        0           
| R51        0           
| R52        9.1K        
| R53        1.3K        
| R54        1.3K        
| R55        9.1K        
| R56        0           
| R57        NOPOP       
| R58        0           
| R59        1K          
| R60        1K          
| R61        0           
| R62        0           
| R63        0           
| STAR1      CONN_1      
| SW1        Power Switch
| TH1        MINISMDC050F-2
| TH2        MINISMDC050F-2
| TH3        MINISMDC050F-2
| TH4        MINISMDC050F-2
| TH5        MINISMDC050F-2
| TP1        5V          
| TP2        CH1         
| TP3        CH0         
| TP4        +12P        
| TP5        RELAY_LOW   
| TP6        AGND        
| TP9        GND_PWR     
| TP10       DAC_OUT     
| U1         LTV-816S    
| U2         MCP3901     
| U3         LMT84       
| U4         OPA4170     
| U5         MCP4801     
| U6         LM337T      
| U7         AP5726      
| U8         LM337T      
| U9         LM317T      
| U11        LM317T      
#End Cmp

#Cmp ( order = Value )
| ARDUINOPINS  ARD1      
| 100P         C1        
| 1U           C5        
| 1U           C6        
| 1U           C7        
| 1U           C8        
| 1U           C9        
| 1U           C10       
| 1U           C11       
| 1U           C12       
| 1U           C13       
| 10U          C14       
| 10U          C15       
| 10U          C16       
| 10U          C17       
| .01U         C18       
| .01U         C19       
| .01U         C20       
| .01U         C21       
| 10U          C22       
| 10U          C23       
| 10U          C24       
| 10U          C25       
| NOPOP        C30       
| NOPOP        C31       
| NOPOP        C32       
| 1U           C33       
| 10U          C2        
| 10U          C3        
| 10U          C4        
| 10U          C26       
| 10U          C27       
| 10U          C28       
| 10U          C29       
| LG Q971-KN-1 D1        
| B130-13-F    D2        
| B130-13-F    D4        
| B0540WS-7    D5        
| MMBD914-7-F  D3        
| MMBD914-7-F  D6        
| MMBD914-7-F  D7        
| MMBD914-7-F  D8        
| MMBD914-7-F  D9        
| MMBD914-7-F  D10       
| MMBD914-7-F  D11       
| MMBD914-7-F  D12       
| JUMPER       JP1       
| JUMPER       JP2       
| JUMPER       JP3       
| JUMPER       JP4       
| CONN_3       K2        
| CONN_3       K3        
| 1461069-5    K1        
| 22u          L4        
| 1U           L5        
| CM322522-220KL L1        
| CM322522-220KL L2        
| CM322522-220KL L3        
| 12 Pin Terminal Block P4        
| 3 Pin TB     P5        
| 24 Pin MiniFit JR P1        
| CONN_2       P3        
| CONN_3X2     P2        
| CONN_1       P6        
| CONN_1       P7        
| AOD476       Q3        
| AOD476       Q4        
| 2N3904       Q1        
| DMN65D8L-7   Q2        
| 0            R3        
| 0            R5        
| 0            R6        
| 0            R14       
| 0            R15       
| 0            R43       
| 0            R48       
| 0            R49       
| 0            R56       
| 0            R58       
| 0            R61       
| 0            R62       
| 0            R63       
| 0            R27       
| 0            R28       
| 0            R29       
| 0            R30       
| 0            R31       
| 0            R32       
| 0            R33       
| 0            R34       
| 0            R35       
| 0            R36       
| 0            R37       
| 0            R38       
| 0            R39       
| 0            R40       
| 0            R41       
| 0            R42       
| 0            R46       
| 0            R47       
| 0            R50       
| 0            R51       
| 1            R16       
| 10           R44       
| 15           R17       
| 100          R4        
| 100          R45       
| 200          R1        
| 200          R2        
| 715          R18       
| 715          R21       
| 1000         R12       
| 1K           R22       
| 1K           R25       
| 1K           R59       
| 1K           R60       
| 1.3K         R53       
| 1.3K         R54       
| 3K           R23       
| 3K           R24       
| 5K           R19       
| 5K           R20       
| 5K           R11       
| 5K           R13       
| 5K           R7        
| 5K           R8        
| 9.1K         R52       
| 9.1K         R55       
| 200K         R9        
| 200K         R10       
| NOPOP        R26       
| NOPOP        R57       
| CONN_1       STAR1     
| Power Switch SW1       
| MINISMDC050F-2 TH1       
| MINISMDC050F-2 TH2       
| MINISMDC050F-2 TH3       
| MINISMDC050F-2 TH4       
| MINISMDC050F-2 TH5       
| 5V           TP1       
| CH1          TP2       
| CH0          TP3       
| +12P         TP4       
| RELAY_LOW    TP5       
| AGND         TP6       
| GND_PWR      TP9       
| DAC_OUT      TP10      
| LTV-816S     U1        
| OPA4170      U4        
| MCP4801      U5        
| AP5726       U7        
| LMT84        U3        
| MCP3901      U2        
| LM337T       U6        
| LM337T       U8        
| LM317T       U9        
| LM317T       U11       
#End Cmp

#End List
